semantic bundle loaded: version=2026.09.14.1 status=candidate assets=8 excluded=0 warnings=1
语义包 = bundle_2026.09.14.1.yaml | version=2026.09.14.1 | status=candidate
role = analyst

=== ① 可产出性核对（闸门要 7 键，语义层能给几个）===
  runtime.asset_allowlist(ctx) 顶层键 = ['v_campaign', 'v_dim_date', 'v_order_paid'] …（扁平，8 项）
  闸门 7 键：可产出 6/7 ['bundle_version', 'assets', 'joins', 'deny_columns', 'default_predicates', 'allowed_constants']
           需调用方传入 ['max_rows']（语义层没有这个事实：请求级选项）
  assets 条目数 = 8｜joins 条数 = 10｜deny 条数 = 9｜谓词域数 = 2
  样本 v_order_paid: logical=order_paid domain=orders 列数=24 tenant_id 在内? True
  样本 joins[0] = {'left': 'order_paid', 'right': 'product', 'on_columns': ['sku_id']}

=== ② 🔴 `assets[].columns` 该取哪一份列？（W6 已实测，此处独立复现）===
  trimmed（跟 asset_allowlist 走，角色裁剪后）: 列数=21 tenant_id 在内? False
  declared（语义包声明全列，runtime.asset()） : 列数=24 tenant_id 在内? True
  tenant_scoped = True → policy_gate.py:145-149 断言 `tenant_scoped ⟺ 'tenant_id' in columns`
  ⇒ gate2 用 trimmed 的结果 : ❌ 抛异常 ContractViolationError: 语义包 tenant_scoped 与 tenant_id 列不一致（07 §7.4 双向断言） | detail={'asset': 'order_paid'}
  ⇒ gate2 用 declared 的结果: passed=True
  对照 W2C 夹具 guard_fixtures.build_allowlist(): 列数=24 tenant_id 在内? True ← 它取的是**声明全列**

=== ③ 交叉核对：本提案 vs W6 `eval/harness.py::build_guard_allowlist` ===
  W6 适配器输出键 = ['allowed_constants', 'assets', 'bundle_version', 'default_predicates', 'deny_columns', 'joins']
  键集相同 = True｜值级差异键 = ['assets']
    - assets: W6={'v_order_paid': {'logical_name': 'order_paid', 'domain': 'orders', 'tenant_scop … 本提案={'v_order_paid': {'logical_name': 'order_paid', 'domain': 'orders', 'tenant_scop
  W6 的列源: tenant_id 在内? False（21 列）
  ✅ 这一点**不是缺陷**：`build_guard_allowlist` 的刻意语义就是"镜像**生产可见面**"
     （gate1 的 R06 靠它），给 gate2 的全列由**另一个**入口补：
     `redteam_eval.structural_wrapper()` + `StructuralAllowlistBundle`。
  ⚠️ 但 `max_rows` 两边都**刻意缺席**（W6 测试钉死）：False
  ✅ W6 结构档列源: tenant_id 在内? True（24 列）｜其 gate2 = passed=True

=== ④ 后果对照：同一批 SQL 喂真闸门 ===
  ── 扁平（= 生产现状） ──
     简单 SQL   : passed=False｜rule_id=R05｜reason='查询涉及的数据范围超出你的权限'｜谓词=空｜（无改写 SQL：被拒）
     JOIN SQL   : passed=False｜rule_id=R05｜reason='查询涉及的数据范围超出你的权限'｜谓词=空｜（无改写 SQL：被拒）
     受限列 SQL : passed=False｜rule_id=R05｜reason='查询涉及的数据范围超出你的权限'｜谓词=空｜（无改写 SQL：被拒）
  ── 只补 `assets` 键（天真修法） ──
     简单 SQL   : ❌ 抛异常 AttributeError: 'tuple' object has no attribute 'keys'
     JOIN SQL   : ❌ 抛异常 AttributeError: 'tuple' object has no attribute 'keys'
     受限列 SQL : ❌ 抛异常 AttributeError: 'tuple' object has no attribute 'keys'
  ── 完整 wrapper · declared ──
     简单 SQL   : passed=True｜谓词=['is_test_order = false', "refund_status <> 'refunded'", "pay_status = 'paid'"]｜LIMIT 10000｜ 'refunded' AND v_order_paid.pay_status = 'paid' LIMIT 10000
     JOIN SQL   : passed=True｜谓词=['is_test_order = false', "refund_status <> 'refunded'", "pay_status = 'paid'"]｜LIMIT 10000｜d_status <> 'refunded' AND o.pay_status = 'paid' LIMIT 10000
     受限列 SQL : passed=False｜rule_id=R07｜reason='查询包含受保护字段'｜谓词=空｜（无改写 SQL：被拒）

=== ⑤ gate2：归因与版本守卫（判据③）===
  扁平         : passed=False｜rule_id=G2-ASSET｜reason='查询涉及的数据范围超出你的权限'
  wrapper      : passed=True
  受限列 SQL   : passed=False｜rule_id=G2-DENY｜reason='查询包含受保护字段'   ← 期望归因落 G2-DENY，而不是被 G2-ASSET 抢走
  版本错配     : passed=False｜rule_id=G2-VERSION｜reason='口径版本已更新，请重新发起提问'   ← 期望 G2-VERSION（扁平下 `snap_version is None` ⇒ **永不触发**）
  受限列·trimmed : ❌ 抛异常 ContractViolationError: 语义包 tenant_scoped 与 tenant_id 列不一致（07 §7.4 双向断言） | detail={'asset': 'order_paid'}   ← 若返回 G2-DENY 则 ④ 仍工作；若抛 ContractViolationError 则 ④ **空转**且 ⑤ 先炸
  受限列·declared: passed=False｜rule_id=G2-DENY｜reason='查询包含受保护字段'   ← 对照：全列下 ④ 正常工作

=== ⑥ 判据④：请求级 max_rows 能不能生效 ===
  不传         : passed=True｜谓词=['is_test_order = false', "refund_status <> 'refunded'", "pay_status = 'paid'"]｜LIMIT 10000｜ 'refunded' AND v_order_paid.pay_status = 'paid' LIMIT 10000
  max_rows=200 : passed=True｜谓词=['is_test_order = false', "refund_status <> 'refunded'", "pay_status = 'paid'"]｜LIMIT 200｜<> 'refunded' AND v_order_paid.pay_status = 'paid' LIMIT 200

=== ⑦ 若「一律用声明全列」：gate1 的归因会怎么漂？ ===
  （gate1 只用 columns 做**列归属解析** → 解析失败落 R06、解析成功再被 deny 落 R07）
  · 干净列（两档都该放行）
      可见列(trimmed)  : passed｜（放行，无 reason）
      声明全列(declared): passed｜（放行，无 reason）
  · 受限列·未限定
      可见列(trimmed)  : rule_id=R06｜reason='查询包含受保护字段'
      声明全列(declared): rule_id=R07｜reason='查询包含受保护字段'  ← ⚠️ 归因变了
  · 受限列·已限定
      可见列(trimmed)  : rule_id=R07｜reason='查询包含受保护字段'
      声明全列(declared): rule_id=R07｜reason='查询包含受保护字段'
  · 受限列·receiver_phone
      可见列(trimmed)  : rule_id=R06｜reason='查询包含受保护字段'
      声明全列(declared): rule_id=R07｜reason='查询包含受保护字段'  ← ⚠️ 归因变了
  · 受限列·SELECT *
      可见列(trimmed)  : rule_id=R03｜reason='查询字段过多，请指明你需要的字段'
      声明全列(declared): rule_id=R03｜reason='查询字段过多，请指明你需要的字段'
  ⇒ 结论：**两档都是拦住的**（安全性不变），但 `rule_id` 会漂：未限定受限列 R06 → R07。
     ⚠️ **用户可见文案不漂**（两档同一句）⇒ 漂移只落内部统计与归因口径：
     ① 已落盘的红队读数按 `rule_id` 归因，会跟着变；
     ② W2C 的 `test_gate1_blocks_tenant_id_either_qualified_or_not` 断言的是**集合 {R06,R07}**，故容忍这次漂移（该测试不用改）。

=== ⑧ 端口方法面：闸门 7 键各自「经 SemanticBundlePort」可达吗？ ===
  （这一节回答的是「W2A 单独改 asset_allowlist 能不能修好」—— 不能的话，
    形状决议就必须动 contracts.py，即 W0 的份）
  SemanticBundlePort 方法 = ['active_version', 'asset_allowlist', 'policy', 'time_semantics']（4 个）
    ✅ bundle_version    : active_version()
    ✅ deny_columns      : policy()['deny_columns']
    ✅ default_predicates: policy()['default_predicates']
    ✅ allowed_constants : 包内无该声明区 ⇒ 空表，无需来源
    ⚠️ assets            : 只有 asset_allowlist()（**可见面**）；「声明全列」要 runtime.asset() —— **不在端口上**
    ❌ joins             : runtime.joins() —— **不在端口上** ⇒ 经端口不可达
    ❌ max_rows          : 语义层没有这个事实（请求级）
  ⇒ GraphDeps.semantics 的类型**就是** SemanticBundlePort（`graph/context.py:105`）
    ⇒ `gate1_ast.py:52` 能调的只有那 4 个方法
    ⇒ 🔴 结论：**W2A 单独改 `asset_allowlist` 的返回形状也修不好这条缝** ——
      `joins` 与「声明全列」在端口上根本没有入口，必须动 `app/core/contracts.py`。
      这与 `U-121` 把归属写成 W0 + W2A + W2C 三方是一致的（不是 W2A 一家的事）。

=== ⑨ 结论 ===
  · 7 键里 6 键可由语义层逐字派生；`max_rows` 是请求级事实 ⇒ 必须作参数传入。
  · 形状无需新设计：W6 已在评测侧实现同一形状（见 ③），三项变换逐字一致。
  · 🔴 真正的争点不是"谁说了算"，而是 **`assets[].columns` 只够一个面**（见 ②）：
     可见面（planner/binding + gate1 解析）要裁剪；结构面（gate2 ④⑤）要全列。
     单槽位放任一份都会有一方受损 ⇒ W0 定形状时必须显式回答"两个面怎么给"，而不是只写一个 `columns`。
  · '只补 assets 键' 见 ④：不是 fail-open，而是**更早的崩溃**。
  · ⚠️ 本节第一版把 ② 报成"本探针新发现"——**错**，W6 已实测并落盘（`eval/redteam_eval.py:169-212`），已订正。
